# Dir A

## A

### Doc A

# Dir B

## B 1

### Doc B1

## B 2

### Doc B2

## Dir B Sub

### Dir B Sub Sub

#### B Sub

##### Doc BSub
