# A

## Doc A

# Z

## Doc B1

# B 2

## Doc B2

# B Sub

## Doc BSub
