
<a name="dir-aamd"></a>

# Doc A

# Z

## Doc B1


<a name="dir-bb2md"></a>

# Doc B2


<a name="dir-bdir-b-subdir-b-sub-subb-submd"></a>

# Doc BSub
