
<a name="with-tag-no-titlemd"></a>

<!-- START doctoc -->
<!-- END doctoc -->

Content
