# A

[GitHub](https://www.github.com)
[b](#b)
[a-sub](#a-sub)
[self-a](#self-a)
[title-b](#title-b)
[sub-title-b](#title-b)

# B

[a](#a)
[self-b](#self-b)
[title-a](#title-a)
[sub-title-a](#title-a)

# Sub

## A Sub

[a](#a)
[self-a](#self-a)
[title-a](#title-a)
[sub-title-b](#title-b)

## B Sub

